// Jest Snapshot v1, https://goo.gl/fbAQLP

exports[`getPreviousRounds tests should get previous rounds for a bigger example 1`] = `
Array [
  Array [
    "3",
  ],
  Array [
    "4",
  ],
  Array [
    "5",
  ],
  Array [
    "6",
  ],
  Array [
    "7",
  ],
  Array [
    "8",
  ],
]
`;
